<html>
<body>
<pre>
<h1>µVision Build Log</h1>
<h2>Tool Versions:</h2>
IDE-Version: µVision V5.38.0.0
Copyright (C) 2022 ARM Ltd and ARM Germany GmbH. All rights reserved.
License Information: Mann Raval, Institute of Technology, Nirma University, LIC=----
 
Tool Versions:
Toolchain:       MDK-Lite  Version: 5.38.0.0
Toolchain Path:  C:\Keil_v5\ARM\ARMCLANG\Bin
C Compiler:      ArmClang.exe V6.19
Assembler:       Armasm.exe V6.19
Linker/Locator:  ArmLink.exe V6.19
Library Manager: ArmAr.exe V6.19
Hex Converter:   FromElf.exe V6.19
CPU DLL:         SARMCM3.DLL V5.38.0.0
Dialog DLL:      DCM.DLL V1.17.5.0
Target DLL:      STLink\ST-LINKIII-KEIL_SWO.dll V3.1.0.0
Dialog DLL:      TCM.DLL V1.56.4.0
 
<h2>Project:</h2>
D:\Internship\1\MDK-ARM\1.uvprojx
Project File Date:  01/11/2023

<h2>Output:</h2>
*** Using Compiler 'V6.19', folder: 'C:\Keil_v5\ARM\ARMCLANG\Bin'
Rebuild target '1'
assembling startup_stm32l475xx.s...
compiling stm32l4xx_hal_i2c_ex.c...
compiling stm32l4xx_it.c...
compiling stm32l4xx_hal_msp.c...
compiling stm32l4xx_hal.c...
../Core/Src/main.c(618): warning: array index 3 is past the end of the array (which contains 3 elements) [-Warray-bounds]
        Settings.temperatureOffset_crc = rxBuff[3];
                                         ^      ~
../Core/Src/main.c(608): note: array 'rxBuff' declared here
        uint8_t rxBuff[3] = {0};
        ^
../Core/Src/main.c(654): warning: array index 3 is past the end of the array (which contains 3 elements) [-Warray-bounds]
        Settings.Altitude_crc = rxBuff[3];
                                ^      ~
../Core/Src/main.c(644): note: array 'rxBuff' declared here
        uint8_t rxBuff[3] = {0};
        ^
../Core/Src/main.c(721): warning: array index 3 is past the end of the array (which contains 3 elements) [-Warray-bounds]
        if(((rxBuff[0] << 8) | rxBuff[1]) == 0 && rxBuff[3] == 0x81)
                                                  ^      ~
../Core/Src/main.c(712): note: array 'rxBuff' declared here
        uint8_t rxBuff[3] = {0};
        ^
../Core/Src/main.c(723): warning: array index 3 is past the end of the array (which contains 3 elements) [-Warray-bounds]
        else if(((rxBuff[0] << 8) | rxBuff[1]) == 1 && rxBuff[3] == 0xB0)
                                                       ^      ~
../Core/Src/main.c(712): note: array 'rxBuff' declared here
        uint8_t rxBuff[3] = {0};
        ^
../Core/Src/main.c(728): warning: array index 3 is past the end of the array (which contains 3 elements) [-Warray-bounds]
        Settings.AutoSelfCalib_crc = rxBuff[3];
                                     ^      ~
../Core/Src/main.c(712): note: array 'rxBuff' declared here
        uint8_t rxBuff[3] = {0};
        ^
../Core/Src/main.c(788): warning: shift count >= width of type [-Wshift-count-overflow]
        Sensor.sensorID = (rxBuff[0] << 40) | (rxBuff[1] << 32) | (rxBuff[3] << 24) |
                                     ^  ~~
../Core/Src/main.c(788): warning: shift count >= width of type [-Wshift-count-overflow]
        Sensor.sensorID = (rxBuff[0] << 40) | (rxBuff[1] << 32) | (rxBuff[3] << 24) |
                                                         ^  ~~
7 warnings generated.
compiling main.c...
compiling stm32l4xx_hal_flash_ramfunc.c...
compiling stm32l4xx_hal_rcc.c...
compiling stm32l4xx_hal_flash.c...
compiling stm32l4xx_hal_flash_ex.c...
compiling stm32l4xx_hal_rcc_ex.c...
compiling stm32l4xx_hal_dma_ex.c...
compiling stm32l4xx_hal_gpio.c...
compiling stm32l4xx_hal_pwr.c...
compiling stm32l4xx_hal_dma.c...
compiling stm32l4xx_hal_pwr_ex.c...
compiling stm32l4xx_hal_tim.c...
compiling stm32l4xx_hal_cortex.c...
compiling stm32l4xx_hal_tim_ex.c...
compiling stm32l4xx_hal_exti.c...
compiling stm32l4xx_hal_uart_ex.c...
compiling system_stm32l4xx.c...
compiling stm32l4xx_hal_i2c.c...
compiling stm32l4xx_hal_uart.c...
linking...
Program Size: Code=13336 RO-data=512 RW-data=12 ZI-data=1908  
FromELF: creating hex file...
"1\1.axf" - 0 Error(s), 7 Warning(s).

<h2>Software Packages used:</h2>

Package Vendor: ARM
                http://www.keil.com/pack/ARM.CMSIS.5.9.0.pack
                ARM.CMSIS.5.9.0
                CMSIS (Common Microcontroller Software Interface Standard)
   * Component: CORE Version: 5.6.0

Package Vendor: Keil
                http://www.keil.com/pack/Keil.STM32L4xx_DFP.2.6.1.pack
                Keil.STM32L4xx_DFP.2.6.1
                STMicroelectronics STM32L4 Series Device Support, Drivers and Examples

<h2>Collection of Component include folders:</h2>
  ./RTE/_1
  C:/Users/Mann Raval/AppData/Local/Arm/Packs/ARM/CMSIS/5.9.0/CMSIS/Core/Include
  C:/Users/Mann Raval/AppData/Local/Arm/Packs/Keil/STM32L4xx_DFP/2.6.1/Drivers/CMSIS/Device/ST/STM32L4xx/Include

<h2>Collection of Component Files used:</h2>

   * Component: ARM::CMSIS:CORE:5.6.0
      Include file:  CMSIS/Core/Include/tz_context.h
Build Time Elapsed:  00:00:03
</pre>
</body>
</html>
